<?xml version="1.0" encoding="UTF-8"?>
<dataset>
    <category id="1" category_name="ETC" is_active="true"/>
    <category id="2" category_name="DESIGN" is_active="true"/>
    <category id="3" category_name="DEVELOP" is_active="true"/>
    <category id="4" category_name="MARKETING" is_active="true"/>
    <category id="5" category_name="LANGUAGE" is_active="true"/>
    <category id="6" category_name="ETC" is_active="true"/>

</dataset>
