<?xml version="1.0" encoding="UTF-8"?>
<dataset>
    <form id="2" lecture_id="2" user_id="3" content="제 신청서를 받아주세요!" state="ACCEPT" is_active="true"  expiration_date="2022-06-16 22:48:18"
          created_at="2022-06-13 22:48:18" updated_at="2022-06-13 22:48:18"/>
    <form id="3" lecture_id="1" user_id="2" content="안받아주셔도 되요" state="REJECT" is_active="true" expiration_date="2022-06-16 22:48:19"
          created_at="2022-06-13 22:48:19" updated_at="2022-06-13 22:48:19"/>
    <form id="4" lecture_id="4" user_id="1" content="신청서를 받아주세요!" state="REQUEST" is_active="true" expiration_date="2022-06-16 22:48:20"
          created_at="2022-06-13 22:48:20" updated_at="2022-06-13 22:48:20"/>
    <form id="5" lecture_id="3" user_id="3" content="신청 거절해주세요" state="REJECT" is_active="true" expiration_date="2022-06-16 22:51:03"
          created_at="2022-06-13 22:51:03" updated_at="2022-06-13 22:51:04"/>
    <form id="6" lecture_id="3" user_id="4" content="신청합니다!" state="REQUEST" is_active="true" expiration_date="2022-06-16 22:51:04"
          created_at="2022-06-13 22:51:04" updated_at="2022-06-13 22:51:05"/>
    <form id="7" lecture_id="4" user_id="2" content="신청서를 받아주세요!" state="REQUEST" is_active="true" expiration_date="2022-06-16 22:51:05"
          created_at="2022-06-13 22:51:05" updated_at="2022-06-13 22:51:06"/>
</dataset>
