<?xml version="1.0" encoding="UTF-8"?>
<dataset>
    <lecture_image id="1" lecture_info_id="1" lecture_img_url="http://lecture1.img.url" is_active="true" />
    <lecture_image id="2" lecture_info_id="1" lecture_img_url="http://lecture1.img2.url" is_active="false" />
    <lecture_image id="3" lecture_info_id="2" lecture_img_url="http://lecture2.img.url" is_active="false" />
    <lecture_image id="4" lecture_info_id="3" lecture_img_url="http://lecture3.img.url" is_active="true" />
    <lecture_image id="5" lecture_info_id="4" lecture_img_url="http://lecture4.img.url" is_active="true" />
    <lecture_image id="6" lecture_info_id="5" lecture_img_url="http://lecture5.img.url" is_active="true" />
    <lecture_image id="7" lecture_info_id="2" lecture_img_url="http://lecture2.img2.url" is_active="true" />
    <lecture_image id="8"  lecture_img_url="http://lecture8.img.url" is_active="true" />
</dataset>
