<?xml version="1.0" encoding="UTF-8"?>
<dataset>
    <notification id="1" user_id="1" coach_id="3" title="제목1" content="알림 내용" noti_type="PLAYER" is_read="false" is_active="true" />
    <notification id="2" user_id="3" coach_id="1" title="제목2" content="알림 내용2" noti_type="COACH" is_read="true" is_active="true" />
    <notification id="3" user_id="1" coach_id="2" title="제목3" content="알림 내용" noti_type="PLAYER" is_read="false" is_active="true" />
    <notification id="4" user_id="4" coach_id="3" title="제목4" content="알림 내용" noti_type="PLAYER" is_read="true" is_active="true" />
    <notification id="5" user_id="2" coach_id="1" title="제목5" content="테스트5 내용" noti_type="PLAYER" is_read="false" is_active="true" />
</dataset>
