<?xml version="1.0" encoding="UTF-8"?>
<dataset>
    <refresh_token id="2" user_id="2" value="refresh_token_value2" created_at="2022-06-13 21:52:34" updated_at="2022-06-13 21:52:35"/>
    <refresh_token id="3" user_id="3" value="refresh_token_value3" created_at="2022-06-13 21:52:34" updated_at="2022-06-13 21:52:35"/>
    <refresh_token id="4" user_id="4" value="refresh_token_value4" created_at="2022-06-13 21:52:34" updated_at="2022-06-13 21:52:35"/>

</dataset>
