<?xml version="1.0" encoding="UTF-8"?>
<dataset>
    <refresh_token id="1" user_id="1" value="refresh_token_value1" />
    <refresh_token id="2" user_id="2" value="refresh_token_value2" />
    <refresh_token id="3" user_id="3" value="refresh_token_value3" />
    <refresh_token id="4" user_id="4" value="refresh_token_value4" />
    <refresh_token id="5" user_id="5" value="refresh_token_value5" />

</dataset>
