<?xml version="1.0" encoding="UTF-8"?>
<dataset>
    <user id="1" email="test1@email.com" username="테스트1" ball_cnt="2" intro="안녕하세요. 저는 테스트1이라고 합니다." is_coach="true"
          is_push_active="true" is_active="true"
          kakao_id="kakao_test1" portfolio="포트폴리오1" identifier="identifier1" is_onboard="true"/>
    <user id="2" email="test2@email.com" username="테스트2" ball_cnt="2" intro="안녕하세요. 저는 테스트2이라고 합니다." is_coach="false"
          is_push_active="true" is_active="true"
          kakao_id="kakao_test2" portfolio="포트폴리오2" identifier="identifier2" is_onboard="true"/>
    <user id="3" email="test3@email.com" username="테스트3" ball_cnt="3" intro="안녕하세요. 저는 테스트3이라고 합니다." is_coach="true"
          is_push_active="false" is_active="true"
          kakao_id="kakao_test3" portfolio="포트폴리오3" identifier="identifier3" is_onboard="true"/>
    <user id="4" email="test4@email.com" username="테스트4" ball_cnt="5" intro="안녕하세요. 저는 테스트4이라고 합니다." is_coach="true"
          is_push_active="true" is_active="true"
          kakao_id="kakao_test4" portfolio="포트폴리오4" identifier="identifier4" is_onboard="false"/>
    <user id="5" email="test5@email.com" username="테스트5" ball_cnt="6" intro="안녕하세요. 저는 테스트5이라고 합니다." is_coach="true"
          is_push_active="true" is_active="false"
          kakao_id="kakao_test5" portfolio="포트폴리오5" identifier="identifier5" is_onboard="true"/>

    <ball_history id="1" user_id="1" title="운영 클래스" content="프랑스어 수업" count="1" is_active="true"/>
    <ball_history id="2" user_id="1" title="수강 클래스" content="영어 수업" count="-1" is_active="true"/>
    <ball_history id="3" user_id="2" title="온보딩" content="온보딩" count="1" is_active="true"/>
    <ball_history id="4" user_id="2" title="수강 클래스" content="자바 수업" count="-1" is_active="true"/>
    <ball_history id="5" user_id="3" title="운영 클래스" content="프랑스어 수업" count="1" is_active="true"/>
    <ball_history id="6" user_id="4" title="온보딩" content="온보딩" count="1" is_active="true"/>
    <ball_history id="7" user_id="5" title="운영 클래스" content="프랑스어 수업" count="1" is_active="true"/>
    <ball_history id="8" user_id="1" title="testTitle" content="testContent" count="1" is_active="true"/>
</dataset>
