<?xml version="1.0" encoding="UTF-8"?>
<dataset>
    <user_image id="1" user_id="1" user_img_url="http://test1.img.url" is_active="false" />
    <user_image id="2" user_id="1" user_img_url="http://test1.img2.url" is_active="false" />
    <user_image id="3" user_id="2" user_img_url="http://test2.img.url" is_active="false" />
    <user_image id="4" user_id="3" user_img_url="http://test3.img.url" is_active="true" />
    <user_image id="5" user_id="4" user_img_url="http://test4.img.url" is_active="true" />
    <user_image id="6" user_id="5" user_img_url="http://test5.img.url" is_active="true" />
    <user_image id="7" user_id="2" user_img_url="http://test2.img2.url" is_active="true" />
    <user_image id="8" user_id="1" user_img_url="http://test8.userimg.url" is_active="true" />
</dataset>
